windows安装git完成后，设置用户名和邮箱
	git config --global user.name "yangzhang"
	git config --global user.email "13218880218@163.com"
	
创建git版本库
	进入目录或创建目录后进入
	git init
	$ git init
Initialized empty Git repository in E:/MySelfPlans/MyCodePlan-1/Git/git_repository1/.git/
	
提交git仓库
	$ git add readme.txt
	$ git commit -m "write a readme text file"
	[master (root-commit) a5a02fb] write a readme text file
	1 file changed, 2 insertions(+)
 create mode 100644 readme.txt

第一步，用命令git add告诉Git，把文件添加到仓库：
第二步，用命令git commit告诉Git，把文件提交到仓库：

简单解释一下git commit命令，-m后面输入的是本次提交的说明，可以输入任意内容，当然最好是有意义的，这样你就能从历史记录里方便地找到改动记录。

嫌麻烦不想输入-m "xxx"行不行？确实有办法可以这么干，但是强烈不建议你这么干，因为输入说明对自己对别人阅读都很重要。实在不想输入说明的童鞋请自行Google，我不告诉你这个参数。

git commit命令执行成功后会告诉你，1 file changed：1个文件被改动（我们新添加的readme.txt文件）；2 insertions：插入了两行内容（readme.txt有两行内容）。

--时光机穿梭
git status : 查看git仓库状态，文件是否改变
$ git status
On branch master
Changes not staged for commit:
  (use "git add <file>..." to update what will be committed)
  (use "git checkout -- <file>..." to discard changes in working directory)

        modified:   readme.txt

no changes added to commit (use "git add" and/or "git commit -a")

after git add readme.txt
$ git status
On branch master
Changes to be committed:
  (use "git reset HEAD <file>..." to unstage)

        modified:   readme.txt



git diff : 查看某个文件的修改的地方
$ git diff readme.txt
diff --git a/readme.txt b/readme.txt
index d8036c1..013b5bc 100644
--- a/readme.txt
+++ b/readme.txt
@@ -1,2 +1,2 @@
-Git is a version control system.
+Git is a distributed version control system.
 Git is free software.
\ No newline at end of file


git log : 查看历史提交记录
git log --pretty=oneline : 一行显示查看记录

git reset --hard HEAD^^(HEAD~2) : 重置到前两个版本
git reset --hard commitid

git reflog : 记录每一条命令
$ git reflog
b4dffa1 (HEAD -> master) HEAD@{0}: reset: moving to b4dff
46ffae7 HEAD@{1}: reset: moving to head^
b4dffa1 (HEAD -> master) HEAD@{2}: reset: moving to head
b4dffa1 (HEAD -> master) HEAD@{3}: commit: about GPL of git
46ffae7 HEAD@{4}: commit: I can use git add * ,add all modify files!
bbf9fd9 HEAD@{5}: commit: add modify commit
a5a02fb HEAD@{6}: commit (initial): write a readme text file

stage : Git暂存区的概念  git add
head指向工作区  git commit
